  console.log
    ACTUAL GARBLED RESULT: {
      "year": {
        "gan": "蠎・,
        "shi": "蜊・,
        "tenGen": "蜉ｫ雋｡",
        "junniUn": "逞・,
        "zogan": [
          "荳・,
          "荳・
        ]
      },
      "month": {
        "gan": "謌・,
        "shi": "蟇・,
        "tenGen": "蜊ｰ邯ｬ",
        "junniUn": "閭・,
        "zogan": [
          "謌・,
          "荳・,
          "逕ｲ"
        ]
      },
      "day": {
        "gan": "霎・,
        "shi": "莠･",
        "tenGen": "雎育｢代°",
        "junniUn": "豐先ｵｴ",
        "zogan": [
          "謌・,
          "逕ｲ",
          "螢ｬ"
        ]
      },
      "hour": {
        "gan": "逋ｸ",
        "shi": "蟾ｳ",
        "tenGen": "鬟溽･・,
        "junniUn": "豁ｻ",
        "zogan": [
          "謌・,
          "蠎・,
          "荳・
        ]
      },
      "dayMaster": "霎・,
      "gogyoBalance": {
        "譛ｨ": 0,
        "轣ｫ": 0,
        "蝨・: 0,
        "驥・: 0,
        "豌ｴ": 0
      }
    }

      at Object.log (src/lib/shichusuimei/__tests__/calculator.test.ts:11:15)

